// Jest Snapshot v1, https://goo.gl/fbAQLP

exports[`buttons 是个div 1`] = `
<div>
  按钮
</div>
`;
